VBCSCompilerPreWarmer: pre-warm launched (dotnet PID 26496)
VBCSCompiler prewarm took 6.62 ms
[Licensing::Module] Trying to connect to existing licensing client channel...
Built from '6000.6/staging' branch; Version is '6000.6.2f1 (770e33f6875c) revision 7802419'; Using compiler version '194234433'; Build Type 'Release'
OS: 'Windows 11  (10.0.26200) Professional' Language: 'pt' Physical Memory: 32691 MB
BatchMode: 1, IsHumanControllingUs: 0, StartBugReporterOnCrash: 0, Is64bit: 1
System  architecture: x64
Process architecture: x64
[Licensing::IpcConnector] Channel LicenseClient-guilh doesn't exist
Date: 2026-09-20T22:41:27Z
[Licensing::Module] Successfully launched the LicensingClient (PId: 2512)

COMMAND LINE ARGUMENTS:
C:\Program Files\Unity\Hub\Editor\6000.6.2f1\6000.6.2f1-x86_64\Editor\Unity.exe
-batchmode
-nographics
-quit
-projectPath
C:\Users\guilh\Documents\OPENCODE\game
-executeMethod
CrewJournal.Editor.V1VisualExport.ExportAll
-logFile
C:\Users\guilh\Documents\OPENCODE\unity-visual.log
Successfully changed project path to: C:\Users\guilh\Documents\OPENCODE\game
C:/Users/guilh/Documents/OPENCODE/game
[UnityMemory] Configuration Parameters - Can be set up in boot.config
    "memorysetup-temp-allocator-size-gi-baking-worker=262144"
    "memorysetup-temp-allocator-size-gi-baking-worker=262144"
    "memorysetup-temp-allocator-size-gi-baking-worker=262144"
    "memorysetup-temp-allocator-size-gi-baking-worker=262144"
    "memorysetup-temp-allocator-size-gi-baking-worker=262144"
    "memorysetup-temp-allocator-size-nav-mesh-worker=65536"
    "memorysetup-temp-allocator-size-audio-worker=65536"
    "memorysetup-temp-allocator-size-cloud-worker=32768"
    "memorysetup-temp-allocator-size-gfx=262144"
    "memorysetup-remapper-allocator-initial-capacity=32768"
    "memorysetup-temp-allocator-size-preload-manager=33554432"
    "memorysetup-allocator-temp-initial-block-size-main=262144"
    "memorysetup-allocator-temp-initial-block-size-worker=262144"
    "memorysetup-temp-allocator-size-job-worker=262144"
    "memorysetup-temp-allocator-size-background-worker=32768"
    "memorysetup-bucket-allocator-granularity=16"
    "memorysetup-bucket-allocator-bucket-count=8"
    "memorysetup-bucket-allocator-block-size=33554432"
    "memorysetup-bucket-allocator-block-count=8"
    "memorysetup-main-allocator-block-size=16777216"
    "memorysetup-thread-allocator-block-size=16777216"
    "memorysetup-main-allocator-mimalloc-enabled=1"
    "memorysetup-gfx-main-allocator-block-size=16777216"
    "memorysetup-gfx-thread-allocator-block-size=16777216"
    "memorysetup-cache-allocator-block-size=4194304"
    "memorysetup-typetree-allocator-block-size=2097152"
    "memorysetup-profiler-bucket-allocator-granularity=16"
    "memorysetup-profiler-bucket-allocator-bucket-count=8"
    "memorysetup-profiler-bucket-allocator-block-size=33554432"
    "memorysetup-profiler-bucket-allocator-block-count=8"
    "memorysetup-profiler-allocator-block-size=16777216"
    "memorysetup-profiler-editor-allocator-block-size=1048576"
    "memorysetup-temp-allocator-size-main=16777216"
    "memorysetup-job-temp-allocator-block-size=2097152"
    "memorysetup-job-temp-allocator-block-size-background=1048576"
    "memorysetup-job-temp-allocator-reduction-small-platforms=262144"
Logging is directed to a specific file, skipping project log.
Player connection [26024]  Target information:

Player connection [26024]  * "[IP] 192.168.15.25 [Port] 55504 [Flags] 2 [Guid] 2834239892 [EditorId] 2834239892 [Version] 1048832 [Id] WindowsEditor(7,DESKTOP-Q00Q5H2) [Debug] 1 [PackageName] WindowsEditor [ProjectName] Editor" 

Player connection [26024] Host joined multi-casting on [225.0.0.222:54997]...
Player connection [26024] Host joined alternative multi-casting on [225.0.0.222:34997]...
Input System module state changed to: Initialized.
[Physics::Module] Initialized fallback backend.
[Physics::Module] Id: 0xdecafbad
[Licensing::IpcConnector] Successfully connected to: "LicenseClient-guilh" at "2026-09-20T22:41:27.6887293Z"
[Licensing::Client] Code 10 while verifying Licensing Client signature (process Id: 2512, path: "C:/Program Files/Unity/Hub/Editor/6000.6.2f1/6000.6.2f1-x86_64/Editor/Data/Resources/Licensing/Client/Unity.Licensing.Client.exe")
[Licensing::Module] LicensingClient has failed validation; ignoring
[Package Manager] Connected to IPC stream "Upm-24552" after 0.2 seconds.
[Licensing::Module] Licensing is not yet initialized.
[Licensing::Client] Handshaking with LicensingClient:
  Version:                 1.18.3+d7ffd15
  Session Id:              2b3e6c309cee4d9ba8f2665edb8a7e5b
  Correlation Id:          d2508154ed97c32c87d094722a1677f9
  External correlation Id: 6074369555565712191
  Machine Id:              lCHTrF0gJJJC6c5FNSXoyUWbG0Y=
[Licensing::Module] Successfully connected to LicensingClient on channel: "LicenseClient-guilh" (connect: 0.25s, validation: 0.07s, handshake: 0.03s)
[Licensing::IpcConnector] Successfully connected to: "LicenseClient-guilh-notifications" at "2026-09-20T22:41:27.7898138Z"
[Licensing::Module] Connected to LicensingClient (PId: 2512, launch time: 0.00, total connection time: 0.35s)
[Licensing::Module] Error: Access token is unavailable; failed to update
[Licensing::Client] Successfully resolved entitlement details
[Licensing::Module] License group:
  Id: 4673107762546-UnityPersXXXX
  Product: Unity Personal
  Type: Assigned
  Expiration: Unlimited
[Licensing::Client] Successfully updated license, isAsync: True, time: 0.01
[Licensing::Client] Successfully resolved entitlement details
[Licensing::Module] Licensing Background thread has ended after 0.38s
[Licensing::Module] Licensing is initialized (took 0.04s).
[Licensing::Client] Successfully resolved entitlement details
Library Redirect Path: Library/
Initialising UDS system complete:
  - System type: Client
  - Resource namespace: f3d8e168bb12542045d432a343408f56
  - Shared memory size: 1073741824
  - Command buffer id: 1052576
  - Command buffer size: 8192
  - Hashmap size: 4194304
  - Service connected: false
Launching Unity Data Store - C:/Program Files/Unity/Hub/Editor/6000.6.2f1/6000.6.2f1-x86_64/Editor/Data/Tools/Unity.DataStore.exe 
Unity Data Store artifact dir = Library/DataStore, working dir = C:/Users/guilh/Documents/OPENCODE/game[Physics::Module] Selected backend.
[Physics::Module] Name: PhysX
[Physics::Module] Id: 0xf2b8ea05
[Physics::Module] SDK Version: 4.1.2
[Physics::Module] Integration Version: 1.0.0
[Physics::Module] Threading Mode: Multi-Threaded
Unity Data Store running and initialised
Initialize engine version: 6000.6.2f1 (770e33f6875c)
[EntityIdStore] init: VM path (explicit commit), pageSize=4096, blockCount=1048576, entitiesPerBlock=256, slots reserved=4294967296 bytes
[Subsystems] Discovering subsystems at path C:/Program Files/Unity/Hub/Editor/6000.6.2f1/6000.6.2f1-x86_64/Editor/Data/Resources/UnitySubsystems
[Subsystems] Discovering subsystems at path C:/Users/guilh/Documents/OPENCODE/game/Assets
Forcing GfxDevice: Null
GfxDevice: creating device client; kGfxThreadingModeNonThreaded
NullGfxDevice:
    Version:  NULL 1.0 [1.0]
    Renderer: Null Device
    Vendor:   Unity Technologies
Initialize mono
Mono path[0] = 'C:/Program Files/Unity/Hub/Editor/6000.6.2f1/6000.6.2f1-x86_64/Editor/Data/Managed'
Mono path[1] = 'C:/Program Files/Unity/Hub/Editor/6000.6.2f1/6000.6.2f1-x86_64/Editor/Data/BCLExtensions/runtime/netstandard2.1'
Mono path[2] = 'C:/Program Files/Unity/Hub/Editor/6000.6.2f1/6000.6.2f1-x86_64/Editor/Data/MonoBleedingEdge/lib/mono/unityjit-win32'
Mono config path = 'C:/Program Files/Unity/Hub/Editor/6000.6.2f1/6000.6.2f1-x86_64/Editor/Data/MonoBleedingEdge/etc'
Using monoOptions --debugger-agent=transport=dt_socket,embedding=1,server=y,suspend=n,address=127.0.0.1:56552
CodeReloadManager initialized
ImportWorker Server TCP listen port: 0
AcceleratorClientConnectionCallback - disconnected - :0
Begin MonoManager ReloadAssembly
Registering precompiled unity dll's ...
Register platform support module: C:/Program Files/Unity/Hub/Editor/6000.6.2f1/6000.6.2f1-x86_64/Editor/Data/PlaybackEngines/WebGLSupport/UnityEditor.WebGL.Extensions.dll
Register platform support module: C:/Program Files/Unity/Hub/Editor/6000.6.2f1/6000.6.2f1-x86_64/Editor/Data/PlaybackEngines/WindowsStandaloneSupport/UnityEditor.WindowsStandalone.Extensions.dll
Registered in 0.001965 seconds.
Native extension for WindowsStandalone target not found
Native extension for WebGL target not found
Package Manager log level set to [2]
ScheduleIndexationOnStartup MainProcess:False IndexOnStartup:False
Scripting: successfully reloaded assembly
- Finished resetting the current domain, in  0.627 seconds
Domain Reload Profiling: 1126ms
	BeginReloadAssembly (115ms)
		CreateAndSetChildDomain (5ms)
	RebuildCommonClasses (5ms)
	RebuildNativeTypeToScriptingClass (15ms)
	initialDomainReloadingComplete (63ms)
	LoadAllAssembliesAndSetupDomain (300ms)
		LoadAssemblies (107ms)
		TypeCache.Refresh (196ms)
			TypeCache.ScanAssembly (184ms)
		AnalyzeDomain (1ms)
	FinalizeReload (628ms)
		SetupLoadedEditorAssemblies (0ms)
			InitializePlatformSupportModulesInManaged (3ms)
			BeforeProcessingInitializeOnLoad (104ms)
			ProcessInitializeOnLoadAttributes (121ms)
			ProcessInitializeOnLoadMethodAttributes (191ms)
[Licensing::Client] Successfully resolved entitlement details
Application.AssetDatabase Initial Refresh Start
[Package Manager] Restoring resolved packages state from cache
[Licensing::Client] Successfully resolved entitlement details
[Package Manager] Registered 7 packages:
  Built-in packages:
    com.unity.ugui@2.6.0 (location: C:\Users\guilh\Documents\OPENCODE\game\Library\PackageCache\com.unity.ugui@0f30cee369f3)
    com.unity.modules.ui@1.0.0 (location: C:\Users\guilh\Documents\OPENCODE\game\Library\PackageCache\com.unity.modules.ui)
    com.unity.modules.imgui@1.0.0 (location: C:\Users\guilh\Documents\OPENCODE\game\Library\PackageCache\com.unity.modules.imgui)
    com.unity.modules.audio@1.0.0 (location: C:\Users\guilh\Documents\OPENCODE\game\Library\PackageCache\com.unity.modules.audio)
    com.unity.modules.physics2d@1.0.0 (location: C:\Users\guilh\Documents\OPENCODE\game\Library\PackageCache\com.unity.modules.physics2d)
    com.unity.modules.physics@1.0.0 (location: C:\Users\guilh\Documents\OPENCODE\game\Library\PackageCache\com.unity.modules.physics)
    com.unity.modules.physicscore2d@1.0.0 (location: C:\Users\guilh\Documents\OPENCODE\game\Library\PackageCache\com.unity.modules.physicscore2d)
[Subsystems] No new subsystems found in resolved package list.
[Package Manager] Done registering packages in 0.00 seconds
[ScriptCompilation] Requested script compilation because: AssetDatabase observed changes in script compilation related files
Starting: C:\Program Files\Unity\Hub\Editor\6000.6.2f1\6000.6.2f1-x86_64\Editor\Data\Tools\BuildPipeline\bee_backend.exe --ipc --defer-dag-verification --dagfile="Library/Bee/1900b0aE.dag" --continue-on-failure --profile="Library/Bee/backend1.traceevents" ScriptAssemblies
WorkingDir: C:/Users/guilh/Documents/OPENCODE/game
DisplayProgressbar: Compiling Scripts
ExitCode: 0 Duration: 0s417ms
[222/248    0s] ILPP-Configuration Library/ilpp-configuration.nevergeneratedoutput
[244/248    0s] Csc Library/Bee/artifacts/1900b0aE.dag/Assembly-CSharp-Editor.dll (+2 others)
Assets\_Project\Scripts\Editor\V1Playtest.cs(39,49): warning CS0162: Unreachable code detected
[245/248    0s] ILPostProcess Library/Bee/artifacts/1900b0aE.dag/post-processed/Assembly-CSharp-Editor.dll (+pdb)
Processing assembly Library/Bee/artifacts/1900b0aE.dag/Assembly-CSharp-Editor.dll, with 146 defines and 302 references

processors: zzzUnity.Burst.CodeGen.BurstILPostProcessor

1 processor(s) skipped this assembly
[246/248    0s] CopyFiles Library/ScriptAssemblies/Assembly-CSharp-Editor.pdb
[247/248    0s] CopyFiles Library/ScriptAssemblies/Assembly-CSharp-Editor.dll
*** Tundra build success (0.39 seconds), 5 items updated, 248 evaluated
Assets\_Project\Scripts\Editor\V1Playtest.cs(39,49): warning CS0162: Unreachable code detected
AssetDatabase: script compilation time: 0.780112s
Total cache size 22101004
Total cache size after purge 22101004, took 00:00:00.0334759
Begin MonoManager ReloadAssembly
Native extension for WindowsStandalone target not found
Native extension for WebGL target not found
ScheduleIndexationOnStartup MainProcess:True IndexOnStartup:True
Scripting: successfully reloaded assembly
- Finished resetting the current domain, in  0.412 seconds
Domain Reload Profiling: 838ms
	BeginReloadAssembly (224ms)
		DisableScriptedObjects (22ms)
		CreateAndSetChildDomain (46ms)
	RebuildCommonClasses (9ms)
	RebuildNativeTypeToScriptingClass (15ms)
	initialDomainReloadingComplete (42ms)
	LoadAllAssembliesAndSetupDomain (134ms)
		LoadAssemblies (99ms)
		TypeCache.Refresh (10ms)
			TypeCache.ScanAssembly (5ms)
		AnalyzeDomain (7ms)
			BuildScriptInfoCaches (4ms)
	FinalizeReload (413ms)
		SetupLoadedEditorAssemblies (0ms)
			BeforeProcessingInitializeOnLoad (98ms)
			ProcessInitializeOnLoadAttributes (60ms)
			ProcessInitializeOnLoadMethodAttributes (34ms)
			AfterProcessingInitializeOnLoad (7ms)
		AwakeInstancesAfterBackupRestoration (28ms)
Starting new worker id: 0 with log in C:/Users/guilh/Documents/OPENCODE/game/Logs/AssetImportWorkerHW0.log

Asset Pipeline Refresh (id=dfb0cf38c28e71044bc66286c3dc617c): Total: 1.823 seconds - Initiated by InitialRefreshV2(ForceSynchronousImport)
	(Values over 0.05ms)
	Summary:
		Imports: total=0 (actual=0, local cache=0, cache server=0)
		Asset DB Process Time: managed=0 ms, native=510 ms
		Asset DB Callback time: managed=55 ms, native=7 ms
		Scripting: domain reloads=1, domain reload time=455 ms, compile time=783 ms, other=11 ms
		Project Asset Count: scripts=128, non-scripts=50
		Asset File Changes: new=0, changed=1, moved=0, deleted=0
		Scan Filter Count: 0
	InvokePackagesCallback: 7.086ms
	ApplyChangesToAssetFolders: 0.265ms
	Scan: 16.953ms
	Collect global state as custom dependencies: 9.883ms
	OnSourceAssetsModified: 0.571ms
	CategorizeScriptCompilationAssets: 0.911ms
	ProcessAssetsWithTransientArtifactChanges: 6.907ms
	CategorizeAssets: 1.162ms
	CompileScripts: 782.640ms
	ImportOutOfDateAssets: 422.593ms (413.488ms without children)
		UnloadImportedAssets: 0.082ms
		ImportSchedulerStart: 8.986ms
	PostProcessAllAssets: 56.133ms
		VCAutoAddAssetPostprocess 0.830ms
		MonoPostProcessAllAssets: 54.862ms
			AssetPostprocessor.OnPostprocessAllAssets 13.968ms
			WindowAssetPostprocessingWatcher.OnPostprocessAllAssets 7.702ms
			StyleCatalogPostProcessor.OnPostprocessAllAssets 7.606ms
			BuilderAssetPostprocessor.OnPostprocessAllAssets 5.990ms
			SyncVS.PostprocessSyncProject 2.768ms
			AssetChangedListener.OnPostprocessAllAssets 1.790ms
			RetainedModeAssetPostprocessor.OnPostprocessAllAssets 1.362ms
			EditModeScopePostprocessor.OnPostprocessAllAssets 0.889ms
			SpeedTree9Postprocessor.OnPostprocessAllAssets 0.724ms
			TextAssetPostProcessor.OnPostprocessAllAssets 0.576ms
			ArtifactBrowserPostProcessor.OnPostprocessAllAssets 0.542ms
			AudioMixerPostprocessor.OnPostprocessAllAssets 0.304ms
			ReferencedClipsPostProcessor.OnPostprocessAllAssets 0.264ms
			TMPro_TexturePostProcessor.OnPostprocessAllAssets 0.247ms
			AssetEvents.OnPostprocessAllAssets 0.223ms
			TerrainToolbarOverlayPostProcessor.OnPostprocessAllAssets 0.208ms
			AssetDatabaseCallbacks.OnPostprocessAllAssets 0.160ms
			ConfigAssetsTracker.OnPostprocessAllAssets 0.152ms
			SpeedTreePostProcessor.OnPostprocessAllAssets 0.147ms
			ThemePostprocessor.OnPostprocessAllAssets 0.139ms
			ScenarioDriftAssetsTracker.OnPostprocessAllAssets 0.124ms
			RenderPipelineGlobalSettingsPostprocessor.OnPostprocessAllAssets 0.097ms
			AudioContainerPostProcessor.OnPostprocessAllAssets 0.079ms
	PostAssetChangesProfiler: 0.684ms
	UnloadStreamsBegin: 1.066ms
	Untracked: 511.378ms

Application.AssetDatabase Initial Refresh End
Scanning for USB devices : 39.794ms
Initializing Unity extensions:
[MODES] ModeService[none].Initialize
[MODES] ModeService[none].LoadModes
[MODES] Loading mode Default (0) for mode-current-id-game
Unloading 4 Unused Serialized files (Serialized files now loaded: 0)
Unloading 411 unused Assets / (0.6 MB). Loaded Objects now: 1128.
Memory consumption went from 226.6 MB to 226.1 MB.
Total: 5.099700 ms (FindLiveObjects: 0.142900 ms CreateObjectMapping: 0.016500 ms MarkObjects: 4.605000 ms  DeleteObjects: 0.243700 ms)

[V1VisualExport] PNGs em C:\Users\guilh\Documents\OPENCODE\vault\07-REFERENCIAS\preview
UnityEngine.Debug:ExtractStackTraceNoAlloc (byte*,int,string)
UnityEngine.StackTraceUtility:ExtractStackTrace ()
UnityEngine.DebugLogHandler:Internal_Log (UnityEngine.LogType,UnityEngine.LogOption,string,UnityEngine.Object)
UnityEngine.DebugLogHandler:LogFormat (UnityEngine.LogType,UnityEngine.Object,string,object[])
UnityEngine.Logger:Log (UnityEngine.LogType,object)
UnityEngine.Debug:Log (object)
CrewJournal.Editor.V1VisualExport:ExportAll () (at Assets/_Project/Scripts/Editor/V1VisualExport.cs:48)

(Filename: Assets/_Project/Scripts/Editor/V1VisualExport.cs Line: 48)

Batchmode quit successfully invoked - shutting down!
[Physics::Module] Cleanup current backend.
[Physics::Module] Id: 0xf2b8ea05
Input System module state changed to: ShutdownInProgress.
Input Polling Thread exited.
Input System module state changed to: Shutdown.
[Licensing::IpcConnector] LicenseClient-guilh-notifications channel disconnected successfully.
[Licensing::IpcConnector] LicenseClient-guilh channel disconnected successfully.
Shut down UDS service system complete
Unity Data Store service was successfully shut down
UDS shutting down local client system
AcceleratorClientConnectionCallback - disconnected - :0
Cleanup mono
CodeReloadManager destroyed
Exiting batchmode successfully now!
[ExitDontLaunchBugReporter] Exiting without the bug reporter. Application will exit with return code 0
